Remote Desktop Host Information

PC Name:
  OMEN16

Windows:
  Windows 11 Pro

Connection Address:
  Local IP:      192.168.1.20
  Tailscale IP:  100.80.10.5

Username:
  MicrosoftAccount\user@example.com    (Microsoft account)
  OMEN16\yugo                          (local account)
  * For a Microsoft account, sign in with the account password, not the PIN.

Recommended:
  100.80.10.5
