リモートデスクトップ状態

[OK] Windows はリモートデスクトップのホストに対応しています（Windows 11 Pro）
[OK] リモートデスクトップが有効です
[OK] Remote Desktop Services が実行されています
[OK] Windows ファイアウォールがリモートデスクトップを許可しています（Private プロファイル、有効）
[OK] TCP 3389 が待ち受けています
[OK] ユーザーは接続を許可されたグループに所属しています（Administrators）
  これはグループ所属のみの確認です。「リモート デスクトップ サービスを使ったログオンを拒否する」ポリシーで拒否されている場合は、所属していても接続できません。secpol.msc > ローカル ポリシー > ユーザー権利の割り当て で確認してください。
[WARN] PC は 15分 でスリープします
  スリープ中はリモートデスクトップ接続を受け付けられない場合があります。常時接続したい場合は 設定 > システム > 電源 でスリープを「なし」にすることを検討してください。
