Remote Desktop Status

[??] Windows edition could not be determined
  Check Settings > System > About for your edition.
[??] Remote Desktop enabled state could not be determined
  Check Settings > System > Remote Desktop.
[??] Windows Firewall state could not be determined
  Check the Remote Desktop inbound rule in wf.msc (Windows Firewall with Advanced Security).
[??] Group membership could not be determined
  Check in lusrmgr.msc or Settings > System > Remote Desktop whether the user is a member of Remote Desktop Users or Administrators.
