Remote Desktop Status

[??] Windows edition could not be determined
  設定 > システム > バージョン情報 でエディションを確認してください。
[??] Remote Desktop enabled state could not be determined
  設定 > システム > リモートデスクトップ で状態を確認してください。
[??] Windows Firewall state could not be determined
  wf.msc（セキュリティが強化された Windows ファイアウォール）で「リモート デスクトップ」の受信ルールを確認してください。
[??] Group membership could not be determined
  lusrmgr.msc または 設定 > システム > リモートデスクトップ で、ユーザーが Remote Desktop Users か Administrators に含まれるか確認してください。
