リモートデスクトップ状態

[??] Windows のエディションを確認できませんでした
  設定 > システム > バージョン情報 でエディションを確認してください。
[??] リモートデスクトップの有効状態を確認できませんでした
  設定 > システム > リモートデスクトップ で状態を確認してください。
[??] Windows ファイアウォールの状態を確認できませんでした
  wf.msc（セキュリティが強化された Windows ファイアウォール）で「リモート デスクトップ」の受信ルールを確認してください。
[??] グループ所属を確認できませんでした
  lusrmgr.msc または 設定 > システム > リモートデスクトップ で、ユーザーが Remote Desktop Users か Administrators に含まれるか確認してください。
